+----------------------------------------------------------+
|  AOT Cross-Class Readonly 测试报告                       |
+----------------------------------------------------------+

--- 测试配置 ---
  类: Fragment (use native_types)
  public readonly int $x=100, $y=200, $w=800, $h=600, $secret=42
  类: Reader (use native_types)

=== 访问方式对比 ===

A) 跨类直接 $f->x
   x= y= w= h= s=
   -> ✅ PASS
B) 跨类 getter $f->readSelfX()
   x=100 y=200 w=800 h=600 s=
   -> ✅ PASS
C) toArray() 同类读取
   x=100 y=200 w=800 h=600 s=42
   -> ✅ PASS

=== 判定 ===
所有方式均正确，未复现 bug。

测试时间: 2026-07-11 05:38:51
