@generated 2026-06-30 18:07:24
=== Test: Flex row + gap 两列等宽 ===
Frame #1 events=0 detail=normal
div (0,0 600x200) [dsp=flex pos=static]
  div (0,0 292x200) [dsp=block pos=static] bw=1 text="Card1"
  div (310,0 292x200) [dsp=block pos=static] bw=1 text="Card2"

---

=== Test: Grid 3列等宽 ===
Frame #1 events=0 detail=normal
div (0,0 600x92) [dsp=grid pos=static]
  div (0,0 192x60) [dsp=block pos=static] text="C1"
  div (204,0 192x60) [dsp=block pos=static] text="C2"
  div (408,0 192x60) [dsp=block pos=static] text="C3"

---

=== Test: border-left 彩色左边框 ===
Frame #1 events=0 detail=normal
div (0,0 400x100) [dsp=block pos=static] bw=1 text="Accent"

---

=== Test: border-radius 圆角 ===
Frame #1 events=0 detail=normal
div (0,0 200x100) [dsp=block pos=static] bw=1 text="Rounded"

---

=== Test: 嵌套 flex 模拟 CSS columns ===
Frame #1 events=0 detail=normal
div (0,0 600x49) [dsp=flex pos=static]
  div (0,0 290x20) [dsp=block pos=static] text="Item 1"
  div (298,0 290x20) [dsp=block pos=static] text="Item 2"
  div (0,28 290x20) [dsp=block pos=static] text="Item 3"
  div (298,28 290x20) [dsp=block pos=static] text="Item 4"

---

=== Test: flex-shrink:0 固定宽度 ===
Frame #1 events=0 detail=normal
div (0,0 0x0) [dsp=flex pos=static] text="1"

---

=== Test: flex row + align-items:center ===
Frame #1 events=0 detail=normal
div (0,0 400x40) [dsp=flex pos=static]
  div (0,6 28x28) [dsp=block pos=static]
  span (36,20 0x0) [dsp=inline pos=static] text="Title"

---

=== Test: overflow-y:auto 滚动容器 ===
Frame #1 events=0 detail=normal
div (0,0 300x100) scroll ch=200 cw=300 maxScroll=100 st=0 sl=0 [dsp=block pos=static]
  div (0,0 300x50) [dsp=block pos=static] text="Line1"
  div (0,50 300x50) [dsp=block pos=static] text="Line2"
  div (0,100 300x50) [dsp=block pos=static] text="Line3"
  div (0,150 300x50) [dsp=block pos=static] text="Line4"

---

=== Test: flex row 模拟表格 ===
Frame #1 events=0 detail=normal
div (0,0 600x17) [dsp=flex pos=static]
  div (0,0 200x0) [dsp=block pos=static] text="Column"
  div (224,0 400x0) [dsp=block pos=static] text="Value"

---

=== Test: 深色背景前景色文本 ===
Frame #1 events=0 detail=normal
div (0,0 400x30) [dsp=block pos=static] text="Dark theme text"

---

=== Test: 多层嵌套卡片 ===
Frame #1 events=0 detail=normal
div (0,0 500x82) [dsp=block pos=static]
  div (32,32 458x40) [dsp=block pos=static] bw=1
    div (53,53 0x0) [dsp=block pos=static] text="Card Title"
    div (53,77 0x0) [dsp=block pos=static] text="Card content text"

---

=== Test: badge 标签样式 ===
Frame #1 events=0 detail=normal
div (0,0 200x24) [dsp=flex pos=static]
  div (0,12 184x0) [dsp=block pos=static] text="Active"
  span (206,12 0x0) [dsp=inline pos=static] text="v5 M3"

---

=== Test: 代码块 white-space:pre ===
Frame #1 events=0 detail=normal
div (0,0 500x14) [dsp=block pos=static] bw=1
  div (21,17 500x0) [dsp=block pos=static] text="abstract class RenderContext {
    abst..."

---

=== Test: timeline 里程碑 flex row ===
Frame #1 events=0 detail=normal
div (0,0 600x34) [dsp=flex pos=static]
  div (0,0 24x24) [dsp=block pos=static] bw=2
  div (36,0 568x34) [dsp=block pos=static]
    div (36,0 568x0) [dsp=block pos=static] text="v5 M3: Flat + Layer"
    div (36,20 568x0) [dsp=block pos=static] text="~100 行 / 7 文件"

---

=== Test: rgba 颜色背景 ===
Frame #1 events=0 detail=normal
div (0,0 400x40) [dsp=block pos=static] text="Rgba bg"

---

=== Test: text-align:center 居中 ===
Frame #1 events=0 detail=normal
div (0,0 600x30) [dsp=block pos=static] text="Centered footer text"

---

=== Test: dep-box 分区布局 ===
Frame #1 events=0 detail=normal
div (0,0 500x70) [dsp=block pos=static] bw=1 ov=hidden
  div (1,1 472x0) [dsp=block pos=static] text="v5 M3: Flat + Layer"
  div (1,32 472x15) [dsp=block pos=static]
    div (15,13 0x0) [dsp=block pos=static] text="框架提供:"

---

=== Test: flex-wrap 标签云 ===
Frame #1 events=0 detail=normal
div (0,0 400x57) [dsp=flex pos=static]
  div (0,0 388x4) [dsp=block pos=static] text="rect"
  div (0,12 388x4) [dsp=block pos=static] text="text"
  div (0,24 388x4) [dsp=block pos=static] text="button"
  div (0,36 388x4) [dsp=block pos=static] text="grid"
  div (0,48 388x4) [dsp=block pos=static] text="label"

---

=== Test: overflow-x:auto 水平滚动 ===
Frame #1 events=0 detail=normal
div (0,0 300x40) scroll ch=40 cw=800 maxScroll=0 st=0 sl=0 [dsp=block pos=static]
  div (0,0 800x40) [dsp=block pos=static] text="Wide content"

---

=== Test: 完整卡片行组合场景 ===
Frame #1 events=0 detail=normal
div (0,0 1100x900) [dsp=block pos=static]
  div (32,32 1100x0) [dsp=block pos=static] text="Title"
  div (32,69 1100x0) [dsp=block pos=static] text="Subtitle text"
  div (32,111 101x43) [dsp=flex pos=static]
    div (32,32 0x0) [dsp=block pos=static] bw=1 text="Danger Card"
    div (90,32 0x0) [dsp=block pos=static] bw=1 text="Success Card"
