@generated 2026-07-23 10:34:06
=== Test: Grid 3列等宽 ===
Frame #1 events=0 detail=normal
div (0,0 1440x57)
  div (0,0 1440x19) text="C1"
  div (0,0 1440x19) text="C2"
  div (0,0 1440x19) text="C3"

---

=== Test: border-left 彩色左边框 ===
Frame #1 events=0 detail=normal
div (0,0 1440x19) text="Accent"

---

=== Test: border-radius 圆角 ===
Frame #1 events=0 detail=normal
div (0,0 1440x19) text="Rounded"

---

=== Test: 嵌套 flex 模拟 CSS columns ===
Frame #1 events=0 detail=normal
div (0,0 1440x76)
  div (0,0 1440x19) text="Item 1"
  div (0,0 1440x19) text="Item 2"
  div (0,0 1440x19) text="Item 3"
  div (0,0 1440x19) text="Item 4"

---

=== Test: flex-shrink:0 固定宽度 ===
Frame #1 events=0 detail=normal
div (0,0 1440x19) text="1"

---

=== Test: flex row + align-items:center ===
Frame #1 events=0 detail=normal
div (0,0 1440x19)
  div (0,0 1440x0)
  span (0,0 1440x19) text="Title"

---

=== Test: overflow-y:auto 滚动容器 ===
Frame #1 events=0 detail=normal
div (0,0 1440x76)
  div (0,0 1440x19) text="Line1"
  div (0,0 1440x19) text="Line2"
  div (0,0 1440x19) text="Line3"
  div (0,0 1440x19) text="Line4"

---

=== Test: flex row 模拟表格 ===
Frame #1 events=0 detail=normal
div (0,0 1440x38)
  div (0,0 1440x19) text="Column"
  div (0,0 1440x19) text="Value"

---

=== Test: 深色背景前景色文本 ===
Frame #1 events=0 detail=normal
div (0,0 1440x19) text="Dark theme text"

---

=== Test: 多层嵌套卡片 ===
Frame #1 events=0 detail=normal
div (0,0 1440x38)
  div (0,0 1440x38)
    div (0,0 1440x19) text="Card Title"
    div (0,0 1440x19) text="Card content text"

---

=== Test: badge 标签样式 ===
Frame #1 events=0 detail=normal
div (0,0 1440x38)
  div (0,0 1440x19) text="Active"
  span (0,0 1440x19) text="v5 M3"

---

=== Test: 代码块 white-space:pre ===
Frame #1 events=0 detail=normal
div (0,0 1440x19)
  div (0,0 1440x19) text="abstract class RenderContext {
    abst..."

---

=== Test: timeline 里程碑 flex row ===
Frame #1 events=0 detail=normal
div (0,0 1440x38)
  div (0,0 1440x0)
  div (0,0 1440x38)
    div (0,0 1440x19) text="v5 M3: Flat + Layer"
    div (0,0 1440x19) text="~100 行 / 7 文件"

---

=== Test: rgba 颜色背景 ===
Frame #1 events=0 detail=normal
div (0,0 1440x19) text="Rgba bg"

---

=== Test: text-align:center 居中 ===
Frame #1 events=0 detail=normal
div (0,0 1440x19) text="Centered footer text"

---

=== Test: dep-box 分区布局 ===
Frame #1 events=0 detail=normal
div (0,0 1440x38)
  div (0,0 1440x19) text="v5 M3: Flat + Layer"
  div (0,0 1440x19)
    div (0,0 1440x19) text="框架提供:"

---

=== Test: flex-wrap 标签云 ===
Frame #1 events=0 detail=normal
div (0,0 1440x95)
  div (0,0 1440x19) text="rect"
  div (0,0 1440x19) text="text"
  div (0,0 1440x19) text="button"
  div (0,0 1440x19) text="grid"
  div (0,0 1440x19) text="label"

---

=== Test: overflow-x:auto 水平滚动 ===
Frame #1 events=0 detail=normal
div (0,0 1440x19)
  div (0,0 1440x19) text="Wide content"

---

=== Test: 完整卡片行组合场景 ===
Frame #1 events=0 detail=normal
div (0,0 1440x76)
  div (0,0 1440x19) text="Title"
  div (0,0 1440x19) text="Subtitle text"
  div (0,0 1440x38)
    div (0,0 1440x19) text="Danger Card"
    div (0,0 1440x19) text="Success Card"
