@generated 2026-06-30 18:07:23
=== Test: margin + relative 偏移组合 ===
Frame #1 events=0 detail=normal
div (0,0 400x136) [dsp=block pos=static]
  div (0,0 400x40) [dsp=block pos=static] text="Normal"
  div (20,58 400x40) [dsp=block pos=relative] text="Rel margin"
  div (0,96 400x40) [dsp=block pos=static] text="After"
