@generated 2026-07-24 17:23:11
=== Test: overflow-y:auto 在 grid cell 中 ===
Frame #1 events=0 detail=normal
div (0,0 400x150) [dsp=grid]
  div (0,0 200x60) text="Normal"
  div (208,0 200x60) scroll ch=60 cw=0 maxScroll=0 st=0 sl=0 ov=auto text="Normal 2"

---

=== Test: text-overflow ellipsis 在 flex item 中 ===
Frame #1 events=0 detail=normal
div (0,0 200x40) [dsp=flex]
  div (0,0 0x40) ov=hidden text="Very long text that should be clipped wi..."

---

=== Test: overflow:hidden 在 grid cell 中裁剪内容 ===
Frame #1 events=0 detail=normal
div (0,0 150x80) [dsp=grid]
  div (0,0 150x80) ov=hidden
    div (0,0 300x60) text="Overflowing content"

---

=== Test: overflow-x:scroll + overflow-y:hidden 独立方向 ===
Frame #1 events=0 detail=normal
div (0,0 200x100) scroll ch=100 cw=600 maxScroll=0 st=0 sl=0 ov=hidden
  div (0,0 600x100)
    div (0,0 150x80) [dsp=inline-block] text="A"
    div (150,0 150x80) [dsp=inline-block] text="B"
    div (300,0 150x80) [dsp=inline-block] text="C"

---

=== Test: 嵌套滚动容器 外层+Y 内层+X ===
Frame #1 events=0 detail=normal
div (0,0 300x200) scroll ch=400 cw=300 maxScroll=200 st=0 sl=0 ov=auto
  div (0,0 300x100) text="Header"
  div (0,100 250x100) scroll ch=100 cw=250 maxScroll=0 st=0 sl=0 ov=scroll
    div (0,0 500x80) text="Horizontal scroll content"
  div (0,200 300x200) text="Footer"

---

=== Test: overflow:visible 在 flex 中内容溢出 ===
Frame #1 events=0 detail=normal
div (0,0 150x50) [dsp=flex]
  div (0,0 150x40) text="Overflowing"

---

=== Test: overflow:clip 裁剪内容 ===
Frame #1 events=0 detail=normal
div (0,0 100x60) ov=clip
  div (50,-10 80x40) [pos=absolute] text="Clipped"
