@generated 2026-06-11 04:41:21
=== Test: Dashboard 侧边栏+头部+主内容 ===
Frame #1 events=0 detail=normal
div (0,0 900x600) [dsp=grid]
  div (0,0 200x60) text="Sidebar"
  div (200,0 700x60) text="Header"
  div (200,60 700x60) [dsp=flex]
    div (216,76 456x60) fg=2 text="Main Content"
    div (720,76 228x60) fg=1 text="Side Panel"

---

=== Test: 响应式卡片网格 auto-fill ===
Frame #1 events=0 detail=normal
div (0,0 800x94) [dsp=grid]
  div (0,0 256x60) bw=1 text="Card 1"
  div (272,0 256x60) bw=1 text="Card 2"
  div (544,0 256x60) bw=1 text="Card 3"

---

=== Test: 表单布局 label+input 两列 ===
Frame #1 events=0 detail=normal
div (0,0 500x450) [dsp=grid]
  div (0,0 120x60) text="Username:"
  input (248,0 252x60) bw=1
  div (0,188 120x60) text="Password:"
  input (248,188 252x60) bw=1
  div (0,376 120x60) text="Bio:"
  textarea (248,376 252x60) bw=1

---

=== Test: 通知列表 icon+text+time ===
Frame #1 events=0 detail=normal
div (0,0 400x144) [dsp=flex]
  div (0,0 400x44) [dsp=flex]
    div (12,-8 40x40)
    div (64,-3 0x30) fg=1
      div (64,-3 400x16) text="Notification title"
      div (64,-3 400x14) text="Notification description text."
    div (76,5 42x14) text="2m ago"
  div (0,76 400x44) [dsp=flex]
    div (12,68 40x40)
    div (64,73 0x30) fg=1
      div (64,73 400x16) text="Another notification"
      div (64,73 400x14) text="Some longer description here."
    div (76,81 42x14) text="1h ago"

---

=== Test: 分割面板 left+right 拖拽分隔 ===
Frame #1 events=0 detail=normal
div (0,0 800x400) [dsp=flex] bw=1
  div (0,0 265x400) scroll ch=16 cw=265 maxScroll=0 st=0 sl=0 fg=1 text="Left Panel"
  div (297,0 4x400)
  div (301,0 530x400) scroll ch=16 cw=530 maxScroll=0 st=0 sl=0 fg=2 text="Right Panel"
