@generated 2026-07-25 10:44:43
=== Test: grid-column span 2 跨越两列 ===
Frame #1 events=0 detail=normal
div (0,0 300x60) [dsp=grid]
  div (0,0 100x60) text="A"
  div (104,0 100x60) text="B"
  div (208,0 100x60) text="C span 2"

---

=== Test: grid-row span 2 跨越两行 ===
Frame #1 events=0 detail=normal
div (0,0 204x104) [dsp=grid]
  div (0,0 100x50) text="A"
  div (104,0 100x50) text="B span 2"
  div (0,54 100x50) text="C"

---

=== Test: grid auto-fit repeat(autofit, minmax(150px,1fr)) ===
Frame #1 events=0 detail=normal
div (0,0 500x60) [dsp=grid]
  div (0,0 161x60) text="A"
  div (169,0 161x60) text="B"
  div (338,0 162x60) text="C"

---

=== Test: grid repeat(3, 1fr) 三列等宽 ===
Frame #1 events=0 detail=normal
div (0,0 600x80) [dsp=grid]
  div (0,0 194x60) text="A"
  div (202,0 194x60) text="B"
  div (404,0 196x60) text="C"

---

=== Test: grid 混合 1fr 200px auto ===
Frame #1 events=0 detail=normal
div (0,0 700x60) [dsp=grid]
  div (0,0 484x60) text="Flex"
  div (492,0 200x60) text="Fixed"
  div (700,0 0x60) text="Auto"

---

=== Test: column-gap 16px row-gap 8px 分开 ===
Frame #1 events=0 detail=normal
div (0,0 400x140) [dsp=grid]
  div (0,0 200x60) text="A"
  div (200,0 200x60) text="B"
  div (0,60 200x60) text="C"
  div (200,60 200x60) text="D"
