@generated 2026-07-24 23:19:13
=== Test: border-top 顶部边框 ===
Frame #1 events=0 detail=normal
div (0,0 200x80) bw=2 text="Top border"

---

=== Test: border-bottom 底部边框 ===
Frame #1 events=0 detail=normal
div (0,0 200x80) text="Bottom border"

---

=== Test: border-left 左边框 ===
Frame #1 events=0 detail=normal
div (0,0 200x80) text="Left border"

---

=== Test: border-right 右边框 ===
Frame #1 events=0 detail=normal
div (0,0 200x80) text="Right border"

---

=== Test: 四方向不同颜色边框组合 ===
Frame #1 events=0 detail=normal
div (0,0 200x100) bw=2 text="Multi border"

---

=== Test: border + border-radius 圆角边框 ===
Frame #1 events=0 detail=normal
div (0,0 150x80) bw=2 text="Round border"

---

=== Test: border:0 无边框 ===
Frame #1 events=0 detail=normal
div (0,0 100x50) text="No border"

---

=== Test: border-width 独立设置 6px ===
Frame #1 events=0 detail=normal
div (0,0 100x50) bw=6 text="Border width"

---

=== Test: border-style 显式设置 dashed ===
Frame #1 events=0 detail=normal
div (0,0 100x50) bw=2 text="Dashed border"

---

=== Test: per-side border-color 不同颜色 ===
Frame #1 events=0 detail=normal
div (0,0 200x80) bw=2 text="Per-side colors"

---

=== Test: border-width 多值 2px 6px ===
Frame #1 events=0 detail=normal
div (0,0 100x50) bw=2 text="Multi width"
