@generated 2026-06-30 18:07:24
=== Test: width:0 height:0 零尺寸元素 ===
Frame #1 events=0 detail=normal
div (0,0 0x0) [dsp=block pos=static] ov=hidden text="Zero"

---

=== Test: margin 负值重叠 上负下负 ===
Frame #1 events=0 detail=normal
div (0,0 300x90) [dsp=block pos=static]
  div (0,0 300x50) [dsp=block pos=static] text="Bottom -10"
  div (0,40 300x50) [dsp=block pos=static] text="Top -10"

---

=== Test: width:10000px 极大宽度 裁边 ===
Frame #1 events=0 detail=normal
div (0,0 10000x30) [dsp=block pos=static] text="Very wide element"

---

=== Test: 单一子项 margin auto 居中 ===
Frame #1 events=0 detail=normal
div (0,0 400x100) [dsp=block pos=static]
  div (150,0 100x50) [dsp=block pos=static] text="Only child"

---

=== Test: border 在零尺寸元素上 ===
Frame #1 events=0 detail=normal
div (0,0 0x0) [dsp=block pos=static] bw=2 ov=hidden

---

=== Test: padding 在零尺寸元素上 ===
Frame #1 events=0 detail=normal
div (0,0 0x0) [dsp=block pos=static] ov=hidden text="Pad"

---

=== Test: opacity:0 子项在 flex row 中 ===
Frame #1 events=0 detail=normal
div (0,0 300x50) [dsp=flex pos=static]
  div (0,0 60x30) [dsp=block pos=static] text="A"
  div (60,0 60x30) [dsp=block pos=static] text="Invisible"
  div (120,0 60x30) [dsp=block pos=static] text="C"
