@generated 2026-06-11 04:41:10
=== Test: grid-column span 2 跨越两列 ===
Frame #1 events=0 detail=normal
div (0,0 300x124) [dsp=grid]
  div (0,0 100x60) text="A"
  div (104,0 100x60) text="B"
  div (0,64 204x60) text="C span 2"

---

=== Test: grid-row span 2 跨越两行 ===
Frame #1 events=0 detail=normal
div (0,0 204x50) [dsp=grid]
  div (0,0 100x50) text="A"
  div (104,0 100x50) text="B span 2"
  div (0,0 100x50) text="C"

---

=== Test: grid-auto-flow column 列优先 ===
Frame #1 events=0 detail=normal
div (0,0 200x124) [dsp=grid]
  div (0,0 100x60) text="A"
  div (104,0 100x60) text="B"
  div (0,64 100x60) text="C"

---

=== Test: grid 百分比行高 25% ===
Frame #1 events=0 detail=normal
div (0,0 400x200) [dsp=grid]
  div (0,0 196x60) text="Top 25%"
  div (204,0 196x60) text="Top R"
  div (0,68 196x60) text="Bottom 75%"
  div (204,68 196x60) text="Bottom R"

---

=== Test: grid auto-fit repeat(autofit, minmax(150px,1fr)) ===
Frame #1 events=0 detail=normal
div (0,0 500x60) [dsp=grid]
  div (0,0 161x60) text="A"
  div (169,0 161x60) text="B"
  div (338,0 161x60) text="C"

---

=== Test: grid repeat(3, 1fr) 三列等宽 ===
Frame #1 events=0 detail=normal
div (0,0 600x80) [dsp=grid]
  div (0,0 194x60) text="A"
  div (202,0 194x60) text="B"
  div (404,0 194x60) text="C"

---

=== Test: grid 混合 1fr 200px auto ===
Frame #1 events=0 detail=normal
div (0,0 700x60) [dsp=grid]
  div (0,0 484x60) text="Flex"
  div (492,0 200x60) text="Fixed"
  div (700,0 0x60) text="Auto"

---

=== Test: grid cell 内 flex column 高度填充 ===
Frame #1 events=0 detail=normal
div (0,0 600x200) [dsp=grid]
  div (0,0 296x60) [dsp=flex]
    div (0,0 296x40) text="Header"
    div (0,40 296x20) fg=1 text="Fill"
  div (304,0 296x60) [dsp=flex]
    div (304,0 296x60) text="Header"
    div (304,60 296x0) fg=1 text="Fill"

---

=== Test: column-gap 16px row-gap 8px 分开 ===
Frame #1 events=0 detail=normal
div (0,0 400x140) [dsp=grid]
  div (0,0 200x60) text="A"
  div (200,0 200x60) text="B"
  div (0,60 200x60) text="C"
  div (200,60 200x60) text="D"

---

=== Test: grid cell 内 margin auto 居中 ===
Frame #1 events=0 detail=normal
div (0,0 400x120) [dsp=grid]
  div (0,0 200x80) text="Center"
  div (208,0 200x80) text="Normal"
