@generated 2026-07-01 00:08:03
=== Test: NavBar 水平导航栏 (flex row) ===
Frame #1 events=0 detail=normal
div (0,0 1440x56)
  div (24,16 24x24)
  div (64,27 1320x1)
    div (64,27 1320x0) text="Bilibili"
    div (1408,27 1320x0) text="推荐"
    div (2752,27 1320x0) text="热门"
    div (4096,27 1320x0) text="关注"
  div (1384,12 80x32)

---

=== Test: CategoryTabs 可滚动标签栏 ===
Frame #1 events=0 detail=normal
div (0,0 1440x44) scroll ch=40 cw=1472 maxScroll=0 st=0 sl=0
  div (16,8 279x28) text="推荐"
  div (335,8 279x28) text="热门"
  div (654,8 279x28) text="游戏"
  div (973,8 279x28) text="科技"
  div (1292,8 279x28) text="生活"

---

=== Test: 视频卡片 (封面+信息) flex column ===
Frame #1 events=0 detail=normal
div (0,0 300x0) ov=hidden
  div (0,0 300x168)
  div (0,168 300x22)
    div (8,176 300x0) text="视频标题最多两行"
    div (8,180 300x1)
      div (8,180 0x0) text="UP主名称"
      div (16,180 142x0) text="·"
      div (166,180 142x0) text="1.2万"

---

=== Test: Bilibili 顶层 flex column 布局 ===
Frame #1 events=0 detail=normal
div (0,0 1440x900)
  div (0,0 1440x56)
    div (24,16 24x24)
    div (48,28 1416x0)
      div (48,28 1416x0) text="Bilibili"
      div (1488,28 1416x0) text="推荐"
  div (0,56 1440x44) scroll ch=26 cw=133 maxScroll=0 st=0 sl=0
    div (16,78 714x0) text="推荐"
    div (770,78 714x0) text="热门"
  div (0,100 1440x800) scroll ch=216 cw=1456 maxScroll=0 st=0 sl=0
    div (16,116 1440x200) text="Content Area"
  div (0,0 48x48)

---

=== Test: Banner + 视频网格组合 ===
Frame #1 events=0 detail=normal
div (0,0 964x0)
  div (0,0 964x200) text="Banner"
  div (0,216 964x330)
    div (0,216 101x157)
      div (0,216 100x140) text="Cover"
      div (0,356 0x0) text="Title"
    div (326,216 101x157)
      div (326,216 100x140) text="Cover"
      div (326,356 0x0) text="Title"

---

=== Test: 侧边栏 + 主内容 flex row ===
Frame #1 events=0 detail=normal
div (0,0 1440x900)
  div (0,0 240x900)
    div (16,16 240x40) text="Nav 1"
    div (16,64 240x40) text="Nav 2"
  div (272,0 1200x900) scroll ch=216 cw=1488 maxScroll=0 st=0 sl=0
    div (288,16 1200x200) text="Main Content"

---

=== Test: 全屏遮罩 + 居中弹窗 (fixed overlay) ===
Frame #1 events=0 detail=normal
div (0,0 1440x900)
  div (0,0 1440x900)
  div (0,0 400x300) text="Modal"

---

=== Test: grid + flex:1 链式填充 ===
Frame #1 events=0 detail=normal
div (0,0 800x300)
  div (0,0 1x62)
    div (0,0 0x40) text="Header"
    div (0,40 0x22) text="Fill"
  div (408,0 1x62)
    div (408,0 0x60) text="Header"
    div (408,60 0x2) text="Fill"

---

=== Test: 响应式网格 不同卡片高度 auto-fill ===
Frame #1 events=0 detail=normal
div (0,0 964x316)
  div (0,0 310x200) text="Tall"
  div (326,0 310x200) text="Medium"
  div (652,0 310x200) text="Taller"
  div (0,216 310x100) text="Short"

---

=== Test: 三层嵌套 flex row>column>row ===
Frame #1 events=0 detail=normal
div (0,0 800x200)
  div (8,8 592x200)
    div (8,8 593x41)
      div (8,8 294x40) text="A"
      div (306,8 294x40) text="B"
    div (8,53 592x155) text="C"
  div (608,8 200x200) text="Side"

---

=== Test: margin auto 水平居中 ===
Frame #1 events=0 detail=normal
div (0,0 600x60)
  div (166,16 300x60) text="Centered"

---

=== Test: flex column flex:1 + overflow 填充 ===
Frame #1 events=0 detail=normal
div (0,0 600x400)
  div (0,0 600x50) text="Header"
  div (0,50 600x320) scroll ch=240 cw=600 maxScroll=0 st=0 sl=0
    div (0,50 600x80) text="Item 1"
    div (0,130 600x80) text="Item 2"
    div (0,210 600x80) text="Item 3"
  div (0,370 600x30) text="Footer"
