@generated 2026-06-30 18:04:03
=== Test: border-radius 8px 圆角 ===
Frame #1 events=0 detail=normal
div (0,0 100x50) [dsp=block pos=static] text="Rounded"

---

=== Test: border-radius 50% 圆形 ===
Frame #1 events=0 detail=normal
div (0,0 100x100) [dsp=block pos=static] text="Circle"

---

=== Test: border-radius 4值 (10 20 30 40) ===
Frame #1 events=0 detail=normal
div (0,0 200x100) [dsp=block pos=static] text="Mixed radius"

---

=== Test: box-shadow 4px 4px 灰色 ===
Frame #1 events=0 detail=normal
div (0,0 100x50) [dsp=block pos=static] text="Shadow"

---

=== Test: box-shadow 大模糊扩散 8px ===
Frame #1 events=0 detail=normal
div (0,0 100x50) [dsp=block pos=static] text="Blur shadow"

---

=== Test: opacity 0.5 半透明 ===
Frame #1 events=0 detail=normal
div (0,0 100x50) [dsp=block pos=static] text="Semi transparent"

---

=== Test: opacity 0 完全透明 ===
Frame #1 events=0 detail=normal
div (0,0 100x50) [dsp=block pos=static] text="Invisible"

---

=== Test: background 颜色填充 #FF6600 ===
Frame #1 events=0 detail=normal
div (0,0 100x50) [dsp=block pos=static] text="Orange bg"

---

=== Test: background-size cover ===
Frame #1 events=0 detail=normal
div (0,0 200x100) [dsp=block pos=static] text="Cover"

---

=== Test: background + border-radius 组合 ===
Frame #1 events=0 detail=normal
div (0,0 120x60) [dsp=block pos=static] text="Blue rounded"

---

=== Test: rgba(251,114,153,0.4) 半透明背景 ===
Frame #1 events=0 detail=normal
div (0,0 100x50) [dsp=block pos=static] text="RGBA"

---

=== Test: background 简写 #3366FF + center/cover ===
Frame #1 events=0 detail=normal
div (0,0 100x50) [dsp=block pos=static] text="shorthand"
