@generated 2026-07-23 11:49:54
=== Test: column-count:3 三列等分 ===
Frame #1 events=0 detail=normal
div (0,0 300x120)
  div (0,0 300x40) text="Item 1"
  div (0,40 300x40) text="Item 2"
  div (0,80 300x40) text="Item 3"

---

=== Test: column-width:100px 自适应列数 ===
Frame #1 events=0 detail=normal
div (0,0 350x90)
  div (0,0 350x30) text="A"
  div (0,30 350x30) text="B"
  div (0,60 350x30) text="C"

---

=== Test: column-count:2 + column-gap:30px ===
Frame #1 events=0 detail=normal
div (0,0 230x60)
  div (0,0 230x30) text="Left"
  div (0,30 230x30) text="Right"
