@generated 2026-07-24 13:30:42
=== Test: margin:0 auto 水平居中 block ===
Frame #1 events=0 detail=normal
div (0,0 600x82)
  div (216,16 200x50) text="Centered"

---

=== Test: margin-left auto 在 flex row 右推 ===
Frame #1 events=0 detail=normal
div (0,0 400x50) [dsp=flex]
  div (0,0 80x30) text="Left"
  div (300,0 100x30) text="Right"

---

=== Test: margin-top auto 在 flex column 底推 ===
Frame #1 events=0 detail=normal
div (0,0 200x200) [dsp=flex]
  div (0,0 200x40) text="Top"
  div (0,160 200x40) text="Bottom"

---

=== Test: margin auto 在 grid cell 居中 ===
Frame #1 events=0 detail=normal
div (0,0 400x100) [dsp=grid]
  div (0,0 200x80) text="Center"
  div (200,0 200x80) text="Normal"

---

=== Test: margin-left 负值在 flex row 中 ===
Frame #1 events=0 detail=normal
div (0,0 400x50) [dsp=flex]
  div (0,0 100x30) text="Item 1"
  div (80,0 100x30) text="Item 2"

---

=== Test: margin 在滚动容器中 ===
Frame #1 events=0 detail=normal
div (0,0 300x150) scroll ch=144 cw=300 maxScroll=0 st=0 sl=0 ov=auto
  div (0,0 300x40) text="Item 1"
  div (0,52 300x40) text="Item 2"
  div (0,104 300x40) text="Item 3"

---

=== Test: margin + relative 偏移组合 ===
Frame #1 events=0 detail=normal
div (0,0 400x136)
  div (0,0 400x40) text="Normal"
  div (20,58 400x40) [pos=relative] text="Rel margin"
  div (0,96 400x40) text="After"

---

=== Test: margin 四方向不同值 10 20 30 40 ===
Frame #1 events=0 detail=normal
div (0,0 300x80)
  div (40,10 200x40) text="All margins"

---

=== Test: CSS §8.3.1 场景 3：父吸收末孙 margin-bottom ===
Frame #1 events=0 detail=normal
div (0,0 400x100)
  div (0,0 200x70)
    div (0,0 200x40) text="Inner"
  div (0,70 400x30) text="Sibling"

---

=== Test: CSS §8.3 margin-top 百分比基于包含块宽度 ===
Frame #1 events=0 detail=normal
div (0,0 400x70)
  div (0,40 400x30) text="A"

---

=== Test: CSS §8.3 margin-left 百分比基于包含块宽度 ===
Frame #1 events=0 detail=normal
div (0,0 500x30)
  div (100,0 100x30) text="A"
