@generated 2026-07-25 13:35:16
=== Test: outline-width:3px 解析 ===
Frame #1 events=0 detail=normal
div (0,0 100x50) text="Outlined"

---

=== Test: outline-style:dashed 不影响布局 ===
Frame #1 events=0 detail=normal
div (0,0 200x80) text="Dashed"

---

=== Test: outline 多属性不影响布局 ===
Frame #1 events=0 detail=normal
div (0,0 150x60) text="Double outline"

---

=== Test: overflow:hidden 溢出裁剪 ===
Frame #1 events=0 detail=normal
div (0,0 200x100) ov=hidden
  div (0,0 300x50) text="Wide content"

---

=== Test: overflow:hidden + border clip region 偏移 ===
Frame #1 events=0 detail=normal
div (0,0 200x100) bw=5 ov=hidden
  div (5,5 400x50) text="Oversized"

---

=== Test: overflow:auto 滚动容器 ===
Frame #1 events=0 detail=normal
div (0,0 200x100) scroll ch=200 cw=400 maxScroll=100 st=0 sl=0 ov=auto
  div (0,0 400x200) text="Large content"

---

=== Test: overflow:scroll 强制滚动条 ===
Frame #1 events=0 detail=normal
div (0,0 150x80) scroll ch=40 cw=150 maxScroll=0 st=0 sl=0 ov=scroll
  div (0,0 100x40) text="Small"

---

=== Test: input placeholder 文本 ===
Frame #1 events=0 detail=normal
input (0,0 200x36)

---

=== Test: 空 input 无 placeholder 不显示 ===
Frame #1 events=0 detail=normal
input (0,0 200x36)

---

=== Test: overflow clip 不受 border-radius 影响 ===
Frame #1 events=0 detail=normal
div (0,0 200x100) ov=hidden
  div (0,0 300x150) text="Overflowing"
