@generated 2026-07-25 13:35:15
=== Test: color:#FF0000 红色文字 ===
Frame #1 events=0 detail=normal
div (0,0 200x30) text="Red text"

---

=== Test: font-size 32px 大字 ===
Frame #1 events=0 detail=normal
div (0,0 200x50) text="Big text"

---

=== Test: font-weight bold 加粗 ===
Frame #1 events=0 detail=normal
div (0,0 200x30) text="Bold text"

---

=== Test: text-align right 右对齐 ===
Frame #1 events=0 detail=normal
div (0,0 300x30) text="Right aligned"

---

=== Test: text-align center 居中 ===
Frame #1 events=0 detail=normal
div (0,0 300x30) text="Center aligned"

---

=== Test: white-space nowrap 不折行 ===
Frame #1 events=0 detail=normal
div (0,0 80x30) text="Long text that should not wrap"

---

=== Test: text-overflow ellipsis 省略号 ===
Frame #1 events=0 detail=normal
div (0,0 80x30) ov=hidden text="Very long text clipped"

---

=== Test: 字体属性组合 (color+font-size+bold) ===
Frame #1 events=0 detail=normal
div (0,0 400x50) text="Styled text"

---

=== Test: text-decoration-line: underline 下划线 ===
Frame #1 events=0 detail=normal
div (0,0 200x30) decorationLine=underline decorationStyle=solid text="Underlined text"
=== render ===
  (no elements)

---

=== Test: text-decoration-line: overline 上划线 ===
Frame #1 events=0 detail=normal
div (0,0 200x30) decorationLine=overline decorationStyle=solid text="Overlined text"
=== render ===
  (no elements)

---

=== Test: text-decoration-line: line-through 删除线 ===
Frame #1 events=0 detail=normal
div (0,0 200x30) decorationLine=line-through decorationStyle=solid text="Strikethrough text"
=== render ===
  (no elements)

---

=== Test: text-decoration-color 自定义颜色 ===
Frame #1 events=0 detail=normal
div (0,0 200x30) decorationLine=underline decorationStyle=solid decorationColor=0x0000FF text="Colorful underline"
=== render ===
  (no elements)

---

=== Test: text-decoration-style: double 双线 ===
Frame #1 events=0 detail=normal
div (0,0 200x30) decorationLine=underline decorationStyle=double text="Double underline"
=== render ===
  (no elements)

---

=== Test: text-decoration-style: dotted 点线 ===
Frame #1 events=0 detail=normal
div (0,0 200x30) decorationLine=underline decorationStyle=dotted text="Dotted underline"
=== render ===
  (no elements)

---

=== Test: text-decoration-style: dashed 虚线 ===
Frame #1 events=0 detail=normal
div (0,0 200x30) decorationLine=underline decorationStyle=dashed text="Dashed underline"
=== render ===
  (no elements)

---

=== Test: text-decoration-style: wavy 波浪线 ===
Frame #1 events=0 detail=normal
div (0,0 200x30) decorationLine=underline decorationStyle=wavy text="Wavy underline"
=== render ===
  (no elements)

---

=== Test: text-decoration-thickness: 3px 厚度 ===
Frame #1 events=0 detail=normal
div (0,0 200x30) decorationLine=underline decorationStyle=solid decorationThickness=3 text="Thick underline"
=== render ===
  (no elements)

---

=== Test: text-underline-offset: 5px 偏移 ===
Frame #1 events=0 detail=normal
div (0,0 200x30) decorationLine=underline decorationStyle=solid underlineOffset=5 text="Offset underline"
=== render ===
  (no elements)

---

=== Test: text-decoration: underline overline 多线组合 ===
Frame #1 events=0 detail=normal
div (0,0 200x30) decorationLine=underline overline decorationStyle=solid text="Underline and overline"
=== render ===
  (no elements)
