@generated 2026-06-30 18:07:24
=== Test: outline-width:3px 解析 ===
Frame #1 events=0 detail=normal
div (0,0 100x50) [dsp=block pos=static] text="Outlined"

---

=== Test: outline-style:dashed 不影响布局 ===
Frame #1 events=0 detail=normal
div (0,0 200x80) [dsp=block pos=static] text="Dashed"

---

=== Test: outline 多属性不影响布局 ===
Frame #1 events=0 detail=normal
div (0,0 150x60) [dsp=block pos=static] text="Double outline"

---

=== Test: overflow:hidden 溢出裁剪 ===
Frame #1 events=0 detail=normal
div (0,0 200x100) [dsp=block pos=static] ov=hidden
  div (0,0 300x50) [dsp=block pos=static] text="Wide content"

---

=== Test: overflow:hidden + border clip region 偏移 ===
Frame #1 events=0 detail=normal
div (0,0 200x100) [dsp=block pos=static] bw=5 ov=hidden
  div (5,5 400x50) [dsp=block pos=static] text="Oversized"

---

=== Test: input placeholder 文本 ===
Frame #1 events=0 detail=normal
input (0,0 200x36) [dsp=block pos=static]

---

=== Test: 空 input 无 placeholder 不显示 ===
Frame #1 events=0 detail=normal
input (0,0 200x36) [dsp=block pos=static]

---

=== Test: overflow clip 不受 border-radius 影响 ===
Frame #1 events=0 detail=normal
div (0,0 200x100) [dsp=block pos=static] ov=hidden
  div (0,0 300x150) [dsp=block pos=static] text="Overflowing"
