=== Test: grid-template-areas header-main-footer 三行布局 ===
Frame #1 events=0 detail=normal
div (0,0 600x300) [dsp=grid]
  div (0,0 400x60) text="Header"
  div (0,64 198x60) text="Main"
  div (202,64 198x60) text="Sidebar"
  div (0,128 400x60) text="Footer"

---

=== Test: justify-self:center grid子项居中 ===
Frame #1 events=0 detail=normal
div (0,0 400x100) [dsp=grid]
  div (0,0 200x60) text="Left"
  div (264,0 80x60) text="Center"

---

=== Test: justify-self:end grid子项右对齐 ===
Frame #1 events=0 detail=normal
div (0,0 400x100) [dsp=grid]
  div (0,0 200x60) text="Start"
  div (324,0 80x60) text="End"

---

=== Test: justify-self:start grid子项左对齐 ===
Frame #1 events=0 detail=normal
div (0,0 400x100) [dsp=grid]
  div (0,0 200x60) text="Right"
  div (204,0 80x60) text="Start"

---

=== Test: justify-self:stretch grid子项拉伸 ===
Frame #1 events=0 detail=normal
div (0,0 400x100) [dsp=grid]
  div (0,0 200x60) text="Auto"
  div (204,0 200x60) text="Stretch"

---

=== Test: grid-area header 跨两列 ===
Frame #1 events=0 detail=normal
div (0,0 400x200) [dsp=grid]
  div (0,0 400x60) text="Header"
  div (0,64 198x60) text="Main"
  div (202,64 198x60) text="Sidebar"
