=== Test: 绝对定位 left:25% top:20% ===
Frame #1 events=0 detail=normal
div (0,0 400x300) [pos=relative]
  div (100,60 100x50) [pos=absolute] text="abs"

---

=== Test: 绝对定位 right:10% bottom:15% ===
Frame #1 events=0 detail=normal
div (0,0 400x300) [pos=relative]
  div (280,215 80x40) [pos=absolute] text="rb"

---

=== Test: 外边距折叠 正+正 margin-bottom:20 + margin-top:30 ===
Frame #1 events=0 detail=normal
div (0,0 300x90)
  div (0,0 300x30) text="A"
  div (0,60 300x30) text="B"

---

=== Test: 外边距折叠 正+负 margin-bottom:30 + margin-top:-10 ===
Frame #1 events=0 detail=normal
div (0,0 300x80)
  div (0,0 300x30) text="A"
  div (0,50 300x30) text="B"

---

=== Test: Flex align-content:stretch 多行填充 ===
Frame #1 events=0 detail=normal
div (0,0 300x200) [dsp=flex]
  div (0,0 140x50) text="Item1"
  div (140,0 140x50) text="Item2"
  div (0,100 140x50) text="Item3"

---

=== Test: Flex align-content:center 多行居中 ===
Frame #1 events=0 detail=normal
div (0,0 300x200) [dsp=flex]
  div (0,50 140x50) text="C1"
  div (140,50 140x50) text="C2"
  div (0,100 140x50) text="C3"

---

=== Test: Flex-basis:content 两行不等宽 ===
Frame #1 events=0 detail=normal
div (0,0 400x40) [dsp=flex]
  div (0,0 80x40) fg=0 text="HelloWorld"
  div (80,0 40x40) fg=0 text="Short"

---

=== Test: Grid auto-rows:80 行高≥80 ===
Frame #1 events=0 detail=normal
div (0,0 200x160) [dsp=grid]
  div (0,0 100x80) text="A"
  div (100,0 100x80) text="B"
  div (0,80 100x80) text="C"

---

=== Test: Grid minmax(100px,1fr) minmax(50px,2fr) ===
Frame #1 events=0 detail=normal
div (0,0 300x100) [dsp=grid]
  div (0,0 150x60) text="Left"
  div (150,0 150x60) text="Right"

---

=== Test: Grid template-areas 命名区域 placement ===
Frame #1 events=0 detail=normal
div (0,0 200x100) [dsp=grid]
  div (0,0 200x60) text="Header"
  div (0,60 100x60) text="Nav"
  div (100,60 100x60) text="Main"
