@generated 2026-07-23 11:49:52
=== Test: overflow visible 默认超出可见 ===
Frame #1 events=0 detail=normal
div (0,0 200x60)
  div (0,0 400x50) text="Overflowing content visible"

---

=== Test: 滚动容器中元素定位 ===
Frame #1 events=0 detail=normal
div (0,0 300x150)
  div (0,0 280x50) text="Start"
  div (0,50 280x50) text="Middle"
  div (0,100 280x50) text="End"
