@generated 2026-07-23 10:34:06
=== Test: flex row-reverse 反向水平排列 ===
Frame #1 events=0 detail=normal
div (0,0 1440x57)
  div (0,0 1440x19) text="A"
  div (0,0 1440x19) text="B"
  div (0,0 1440x19) text="C"

---

=== Test: flex column-reverse 反向垂直排列 ===
Frame #1 events=0 detail=normal
div (0,0 1440x38)
  div (0,0 1440x19) text="A"
  div (0,0 1440x19) text="B"

---

=== Test: flex wrap-reverse 反向换行 ===
Frame #1 events=0 detail=normal
div (0,0 1440x76)
  div (0,0 1440x19) text="A"
  div (0,0 1440x19) text="B"
  div (0,0 1440x19) text="C"
  div (0,0 1440x19) text="D"

---

=== Test: align-self:flex-end 子项底部对齐 ===
Frame #1 events=0 detail=normal
div (0,0 1440x38)
  div (0,0 1440x19) text="Center"
  div (0,0 1440x19) text="Bottom"

---

=== Test: align-self:center 子项居中覆盖 stretch ===
Frame #1 events=0 detail=normal
div (0,0 1440x38)
  div (0,0 1440x19) text="Stretched"
  div (0,0 1440x19) text="Centered"

---

=== Test: order:2 和 order:-1 重排序 ===
Frame #1 events=0 detail=normal
div (0,0 1440x76)
  div (0,0 1440x19) text="A"
  div (0,0 1440x19) text="B"
  div (0,0 1440x19) text="C"
  div (0,0 1440x19) text="D"

---

=== Test: flex-shrink:0 禁止收缩 ===
Frame #1 events=0 detail=normal
div (0,0 1440x38)
  div (0,0 1440x19) text="Fixed"
  div (0,0 1440x19) text="Shrink"

---

=== Test: flex-basis:200px 固定基准 ===
Frame #1 events=0 detail=normal
div (0,0 1440x38)
  div (0,0 1440x19) text="Basis"
  div (0,0 1440x19) text="Flex"
