@generated 2026-07-24 11:45:33
=== Test: align-items flex-start 顶部对齐 ===
Frame #1 events=0 detail=normal
div (0,0 300x100) [dsp=flex]
  div (0,0 60x30) text="A"
  div (60,0 60x50) text="B"

---

=== Test: align-items flex-end 底部对齐 ===
Frame #1 events=0 detail=normal
div (0,0 300x100) [dsp=flex]
  div (0,70 60x30) text="A"
  div (60,50 60x50) text="B"

---

=== Test: align-items stretch 拉伸 ===
Frame #1 events=0 detail=normal
div (0,0 300x100) [dsp=flex]
  div (0,0 60x100) text="A"
  div (60,0 60x100) text="B"

---

=== Test: align-content center 多行垂直居中 ===
Frame #1 events=0 detail=normal
div (0,0 200x200) [dsp=flex]
  div (0,58 80x40) text="A"
  div (84,58 80x40) text="B"
  div (0,102 80x40) text="C"

---

=== Test: align-content flex-end 多行底部 ===
Frame #1 events=0 detail=normal
div (0,0 200x200) [dsp=flex]
  div (0,116 80x40) text="A"
  div (84,116 80x40) text="B"
  div (0,160 80x40) text="C"

---

=== Test: align-content space-between 等距 ===
Frame #1 events=0 detail=normal
div (0,0 200x200) [dsp=flex]
  div (0,0 80x40) text="A"
  div (84,0 80x40) text="B"
  div (0,156 80x40) text="C"

---

=== Test: align-content space-around 均匀分布 ===
Frame #1 events=0 detail=normal
div (0,0 200x200) [dsp=flex]
  div (0,29 80x40) text="A"
  div (84,29 80x40) text="B"
  div (0,127 80x40) text="C"

---

=== Test: align-self center 单个居中覆盖 ===
Frame #1 events=0 detail=normal
div (0,0 300x100) [dsp=flex]
  div (0,0 60x30) text="A"
  div (60,30 60x40) text="Center"

---

=== Test: align-self flex-end 单个底部覆盖 ===
Frame #1 events=0 detail=normal
div (0,0 300x100) [dsp=flex]
  div (0,0 60x30) text="A"
  div (60,60 60x40) text="Bottom"

---

=== Test: justify-self center 单个水平居中 ===
Frame #1 events=0 detail=normal
div (0,0 300x50) [dsp=flex]
  div (0,0 80x30) text="A"
  div (80,0 80x30) text="Center"

---

=== Test: flex-basis 200px 固定基础尺寸 ===
Frame #1 events=0 detail=normal
div (0,0 500x50) [dsp=flex]
  div (0,0 200x30) text="Basis 200"
  div (200,0 300x30) fg=1 text="Flex 1"

---

=== Test: flex-basis auto 回退到 width ===
Frame #1 events=0 detail=normal
div (0,0 500x50) [dsp=flex]
  div (0,0 400x30) fg=1 text="W 150 + f1"
  div (400,0 100x30) text="W 100"

---

=== Test: CSS §9.6 align-items:baseline 基线对齐 ===
Frame #1 events=0 detail=normal
div (0,0 400x100) [dsp=flex]
  div (0,59 100x40) text="Small"
  div (100,51 100x60) text="Big"
