@generated 2026-07-25 13:53:14
=== Test: 后代选择器 .ancestor .child 匹配 ===
Frame #1 events=0 detail=normal
div (0,0 200x100)
  div (0,0 160x30) text="Descendant"

---

=== Test: 子代选择器 .parent > .direct-child 匹配 ===
Frame #1 events=0 detail=normal
div (0,0 200x100)
  div (0,0 200x25) text="Direct"

---

=== Test: 特异性 class选择器 > 元素选择器 ===
Frame #1 events=0 detail=normal
div (0,0 120x40) text="Specific"

---

=== Test: :hover 伪类样式解析 ===
OK
---

=== Test: :focus 伪类样式解析 ===
OK
---

=== Test: :active 伪类样式 ===
OK
---

=== Test: ::before 伪元素 content 解析 ===
OK
---

=== Test: ::after 伪元素 content 解析 ===
OK
---

=== Test: scroll-behavior:smooth 属性解析 ===
Frame #1 events=0 detail=normal
div (0,0 200x100) scroll ch=300 cw=200 maxScroll=200 st=0 sl=0 ov=auto
  div (0,0 50x300) text="Tall content"

---

=== Test: 相邻兄弟选择器匹配 ===
OK