@generated 2026-07-24 17:59:55
=== Test: NavBar 水平导航栏 (flex row) ===
Frame #1 events=0 detail=normal
div (0,0 1440x56) [dsp=flex]
  div (24,16 24x24)
  div (64,28 1288x0) [dsp=flex] fg=1
    div (64,28 0x0) text="Bilibili"
    div (88,28 0x0) text="推荐"
    div (112,28 0x0) text="热门"
    div (136,28 0x0) text="关注"
  div (1352,12 80x32)

---

=== Test: 浮动按钮 (position:fixed) ===
Frame #1 events=0 detail=normal
div (700,400 48x48) [pos=fixed] text="Top"

---

=== Test: 视频卡片 (封面+信息) flex column ===
Frame #1 events=0 detail=normal
div (0,0 300x0) [dsp=flex] ov=hidden
  div (0,0 300x0)
  div (0,0 300x0) [dsp=flex]
    div (8,8 284x0) text="视频标题最多两行"
    div (8,12 284x0) [dsp=flex]
      div (8,12 268x0) [dsp=flex] text="UP主名称"
      div (284,12 0x0) text="·"
      div (292,12 0x0) text="1.2万"

---

=== Test: Bilibili 顶层 flex column 布局 ===
Frame #1 events=0 detail=normal
div (0,0 1440x900) [dsp=flex]
  div (0,0 1440x56) [dsp=flex]
    div (24,16 24x24)
    div (48,28 1368x0) [dsp=flex] fg=1
      div (48,28 0x0) text="Bilibili"
      div (72,28 0x0) text="推荐"
  div (0,56 1440x44) [dsp=flex] scroll ch=22 cw=1408 maxScroll=0 st=0 sl=0 ov=auto
    div (16,78 0x0) text="推荐"
    div (28,78 0x0) text="热门"
  div (0,100 1440x800) scroll ch=216 cw=1408 maxScroll=0 st=0 sl=0 ov=auto fg=1
    div (16,116 0x200) text="Content Area"
  div (700,400 48x48) [pos=fixed]

---

=== Test: 侧边栏 + 主内容 flex row ===
Frame #1 events=0 detail=normal
div (0,0 1440x900) [dsp=flex]
  div (0,0 240x900)
    div (16,16 240x40) text="Nav 1"
    div (16,64 240x40) text="Nav 2"
  div (240,0 1200x900) scroll ch=216 cw=1168 maxScroll=0 st=0 sl=0 ov=auto fg=1
    div (256,16 0x200) text="Main Content"

---

=== Test: 全屏遮罩 + 居中弹窗 (fixed overlay) ===
Frame #1 events=0 detail=normal
div (0,0 1440x900) [pos=relative]
  div (0,0 1440x900) [pos=absolute]
  div (-150,-100 400x300) [pos=absolute] text="Modal"

---

=== Test: grid + flex:1 链式填充 ===
Frame #1 events=0 detail=normal
div (0,0 800x300) [dsp=grid]
  div (0,0 392x1) [dsp=flex]
    div (0,0 392x0) text="Header"
    div (0,0 392x0) fg=1 text="Fill"
  div (408,0 392x1) [dsp=flex]
    div (0,0 392x0) text="Header"
    div (0,0 392x0) fg=1 text="Fill"

---

=== Test: 响应式网格 不同卡片高度 auto-fill ===
Frame #1 events=0 detail=normal
div (0,0 964x316) [dsp=grid]
  div (0,0 310x200) text="Tall"
  div (326,0 310x200) text="Medium"
  div (652,0 312x200) text="Taller"
  div (0,216 310x100) text="Short"

---

=== Test: 三层嵌套 flex row>column>row ===
Frame #1 events=0 detail=normal
div (0,0 800x200) [dsp=flex]
  div (8,8 576x184) [dsp=flex] fg=1
    div (8,8 576x0) [dsp=flex]
      div (8,8 286x40) fg=1 text="A"
      div (298,8 286x40) fg=1 text="B"
    div (8,12 576x0) fg=1 text="C"
  div (592,8 200x184) text="Side"

---

=== Test: margin auto 水平居中 ===
Frame #1 events=0 detail=normal
div (0,0 600x92)
  div (166,16 300x60) text="Centered"

---

=== Test: flex column flex:1 + overflow 填充 ===
Frame #1 events=0 detail=normal
div (0,0 600x400) [dsp=flex]
  div (0,0 600x50) text="Header"
  div (0,50 600x320) scroll ch=240 cw=600 maxScroll=0 st=0 sl=0 ov=auto fg=1
    div (0,50 0x80) text="Item 1"
    div (0,130 0x80) text="Item 2"
    div (0,210 0x80) text="Item 3"
  div (0,370 600x30) text="Footer"
