@generated 2026-06-30 18:07:24
=== Test: display:table 基本容器 ===
Frame #1 events=0 detail=normal
div (0,0 400x19) [dsp=table pos=static]
  div (0,0 0x0) [dsp=table-row pos=static]
    div (0,0 0x0) [dsp=table-cell pos=static] text="Cell1"
    div (0,0 0x0) [dsp=table-cell pos=static] text="Cell2"

---

=== Test: display:table 2x2 网格布局 ===
Frame #1 events=0 detail=normal
div (0,0 300x38) [dsp=table pos=static]
  div (0,0 0x0) [dsp=table-row pos=static]
    div (0,0 0x0) [dsp=table-cell pos=static] text="R1C1"
    div (0,0 0x0) [dsp=table-cell pos=static] text="R1C2"
  div (0,0 0x0) [dsp=table-row pos=static]
    div (0,0 0x0) [dsp=table-cell pos=static] text="R2C1"
    div (0,0 0x0) [dsp=table-cell pos=static] text="R2C2"

---

=== Test: table-cell 嵌套 block 内容 ===
Frame #1 events=0 detail=normal
div (0,0 400x19) [dsp=table pos=static]
  div (0,0 0x0) [dsp=table-row pos=static]
    div (0,0 0x0) [dsp=table-cell pos=static]
      div (5,5 100x30) [dsp=block pos=static] text="Nested"

---

=== Test: display:table-caption 标题 ===
Frame #1 events=0 detail=normal
div (0,0 300x19) [dsp=table pos=static]
  div (0,0 0x0) [dsp=table-caption pos=static] text="Caption"
  div (0,0 0x0) [dsp=table-row pos=static]
    div (0,0 0x0) [dsp=table-cell pos=static] text="Data"

---

=== Test: display:inline 三个行内元素并排 ===
Frame #1 events=0 detail=normal
div (0,0 400x16) [dsp=block pos=static]
  span (0,0 0x16) [dsp=inline pos=static] text="AA "
  span (0,0 0x16) [dsp=inline pos=static] text="BB "
  span (0,0 0x16) [dsp=inline pos=static] text="CC"

---

=== Test: display:inline-block 三个等高元素 ===
Frame #1 events=0 detail=normal
div (0,0 400x60) [dsp=block pos=static]
  div (0,0 100x60) [dsp=inline-block pos=static] text="A"
  div (100,0 100x60) [dsp=inline-block pos=static] text="B"
  div (200,0 100x60) [dsp=inline-block pos=static] text="C"

---

=== Test: display:inline 溢出换行 ===
Frame #1 events=0 detail=normal
div (0,0 120x16) [dsp=block pos=static]
  span (0,0 0x16) [dsp=inline pos=static] text="LongTextA"
  span (0,0 0x16) [dsp=inline pos=static] text=" LongTextB"
