@generated 2026-07-25 11:42:15
=== Test: Grid 内 Flex Row 排列 ===
Frame #1 events=0 detail=normal
div (0,0 500x100) [dsp=grid]
  div (0,0 246x100) [dsp=flex]
    div (0,0 40x30) text="A"
    div (40,0 40x30) text="B"
  div (254,0 246x100) [dsp=flex]
    div (103,0 40x30) text="C"

---

=== Test: Flex Row 内 Grid 布局 ===
Frame #1 events=0 detail=normal
div (0,0 600x120) [dsp=flex]
  div (0,0 197x120) [dsp=grid] fg=1
    div (0,0 96x40) text="1"
    div (100,0 97x40) text="2"
  div (205,0 394x120) [dsp=grid] fg=2
    div (205,0 128x40) text="3"
    div (337,0 128x40) text="4"
    div (469,0 130x40) text="5"

---

=== Test: Grid 内 Grid 嵌套 ===
Frame #1 events=0 detail=normal
div (0,0 500x150) [dsp=grid]
  div (0,0 246x150) [dsp=grid]
    div (0,0 121x40) text="A"
    div (125,0 121x40) text="B"
  div (254,0 246x150) [dsp=grid]
    div (0,0 123x48) text="C"
    div (0,52 123x98) text="D"

---

=== Test: Flex Column 内 Flex Row 嵌套 ===
Frame #1 events=0 detail=normal
div (0,0 400x200) [dsp=flex]
  div (0,0 400x40) [dsp=flex]
    div (0,0 130x40) fg=1 text="A"
    div (138,0 261x40) fg=2 text="B"
  div (0,48 400x40) [dsp=flex]
    div (70,48 60x40) text="C"
    div (270,48 60x40) text="D"

---

=== Test: Grid 内 overflow 滚动容器 ===
Frame #1 events=0 detail=normal
div (0,0 400x150) [dsp=grid]
  div (0,0 200x60) text="Normal"
  div (208,0 200x80) scroll ch=80 cw=0 maxScroll=0 st=0 sl=0 ov=auto text="Scroll"

---

=== Test: Flex 内 absolute 定位元素 ===
Frame #1 events=0 detail=normal
div (0,0 400x100) [pos=relative] [dsp=flex]
  div (0,0 80x40) text="Item"
  div (290,10 100x50) [pos=absolute] text="Absolute"

---

=== Test: Grid 内 Flex Column 嵌套 ===
Frame #1 events=0 detail=normal
div (0,0 600x150) [dsp=grid]
  div (0,0 197x150) [dsp=flex]
    div (0,0 197x40) text="Top"
    div (0,44 197x72) fg=1 text="Fill"
    div (0,120 197x30) text="Bottom"
  div (205,0 395x150) [dsp=flex]
    div (157,50 80x50) text="Center"

---

=== Test: 三层嵌套 Grid > Flex > Grid ===
Frame #1 events=0 detail=normal
div (0,0 500x200) [dsp=grid]
  div (0,0 500x200) [dsp=flex]
    div (0,0 500x40) [dsp=grid]
      div (0,0 248x40) text="A"
      div (252,0 248x40) text="B"
    div (0,48 500x40) [dsp=grid]
      div (0,48 164x40) text="C"
      div (168,48 164x40) text="D"
      div (336,48 164x40) text="E"

---

=== Test: Scroll 容器内 Grid 布局 ===
Frame #1 events=0 detail=normal
div (0,0 300x150) scroll ch=128 cw=300 maxScroll=0 st=0 sl=0 ov=auto
  div (0,0 300x128) [dsp=grid]
    div (0,0 146x60) text="A"
    div (154,0 146x60) text="B"
    div (0,68 146x60) text="C"
    div (154,68 146x60) text="D"

---

=== Test: Flex > Grid > Flex 链式嵌套 ===
Frame #1 events=0 detail=normal
div (0,0 500x200) [dsp=flex]
  div (0,0 500x200) [dsp=grid] fg=1
    div (0,0 246x200) [dsp=flex] text="Center 1"
    div (254,0 246x200) [dsp=flex] text="Center 2"

---

=== Test: Grid cell 内 position:absolute ===
Frame #1 events=0 detail=normal
div (0,0 400x120) [dsp=grid]
  div (0,0 200x80) [pos=relative]
    div (130,10 60x30) [pos=absolute] text="Badge"
    div (0,0 0x40) text="Content"
  div (208,0 200x80) text="Normal"

---

=== Test: Grid auto-fill 嵌套 Flex 项目 ===
Frame #1 events=0 detail=normal
div (0,0 500x76) [dsp=grid]
  div (0,0 161x76) [dsp=flex]
    div (60,8 40x40) text="Icon"
    div (58,48 45x20) text="Label"
  div (169,0 161x76) [dsp=flex]
    div (60,8 40x40) text="Icon"
    div (58,48 45x20) text="Label"
  div (338,0 162x76) [dsp=flex]
    div (61,8 40x40) text="Icon"
    div (58,48 45x20) text="Label"
