@generated 2026-07-25 11:53:40
=== Test: min-height 在 flex column 中 ===
Frame #1 events=0 detail=normal
div (0,0 300x200) [dsp=flex]
  div (0,0 300x200) fg=1 text="Min 80px"

---

=== Test: max-height 在 flex column 中 ===
Frame #1 events=0 detail=normal
div (0,0 300x200) [dsp=flex]
  div (0,0 300x60) fg=1 text="Max 60px"

---

=== Test: min-width 在 flex row 中 ===
Frame #1 events=0 detail=normal
div (0,0 400x50) [dsp=flex]
  div (0,0 400x50) fg=1 text="Min 150px"

---

=== Test: max-width 在 flex row 中 ===
Frame #1 events=0 detail=normal
div (0,0 400x50) [dsp=flex]
  div (0,0 100x50) fg=1 text="Max 100px"

---

=== Test: min-height 50% 百分比 ===
Frame #1 events=0 detail=normal
div (0,0 400x200)
  div (0,0 100x50) text="Min 50%"

---

=== Test: max-height 50% 百分比 ===
Frame #1 events=0 detail=normal
div (0,0 400x200)
  div (0,0 100x50) text="Max 50%"

---

=== Test: height auto 在 flex column 中子项撑开 ===
Frame #1 events=0 detail=normal
div (0,0 300x170) [dsp=flex]
  div (0,0 300x50) text="Header"
  div (0,50 300x80) text="Body"
  div (0,130 300x40) text="Footer"

---

=== Test: min-height 大于 height 时取 min-height ===
Frame #1 events=0 detail=normal
div (0,0 200x80) text="Min 80 > h 30"

---

=== Test: max-height 小于 height 时取 max-height ===
Frame #1 events=0 detail=normal
div (0,0 200x60) text="Max 60 < h 150"

---

=== Test: aspect-ratio 反向推导 H→W ===
Frame #1 events=0 detail=normal
div (0,0 400x100)
  div (0,0 200x100) text="AR"

---

=== Test: CSS Values L3 min() 取较小值 ===
Frame #1 events=0 detail=normal
div (0,0 400x50)
  div (0,0 200x50) text="Min"

---

=== Test: CSS Values L3 max() 取较大值 ===
Frame #1 events=0 detail=normal
div (0,0 400x50)
  div (0,0 250x50) text="Max"

---

=== Test: CSS Values L3 clamp(MIN, VAL, MAX) ===
Frame #1 events=0 detail=normal
div (0,0 400x50)
  div (0,0 200x50) text="Clamp"
