@generated 2026-07-23 11:49:53
=== Test: [Template] nested div parent-child ===
Frame #1 events=0 detail=normal
div (0,0 300x200)
  div (0,0 100x80)
    #text (10,10 100x19) text="Child"

---

=== Test: [Template] percentage width 50% ===
Frame #1 events=0 detail=normal
div (0,0 400x100)
  div (0,0 200x50)
    #text (0,0 400x19) text="50% width"

---

=== Test: [Template] margin-top block spacing ===
Frame #1 events=0 detail=normal
div (0,0 200x70)
  div (0,0 200x30)
    #text (0,0 200x19) text="Item 1"
  div (0,40 200x30)
    #text (0,10 200x19) text="Item 2"

---

=== Test: [Template] flex column vertical ===
Frame #1 events=0 detail=normal
div (0,0 200x300)
  div (0,0 200x50)
    #text (0,0 200x19) text="A"
  div (0,50 200x50)
    #text (0,50 200x19) text="B"
  div (0,100 200x50)
    #text (0,100 200x19) text="C"

---

=== Test: [Template] flex-wrap overflow ===
Frame #1 events=0 detail=normal
div (0,0 200x100)
  div (0,0 100x40)
    #text (0,0 100x19) text="A"
  div (0,44 100x40)
    #text (0,44 100x19) text="B"
  div (0,88 100x40)
    #text (0,88 100x19) text="C"

---

=== Test: [Template] align-items center ===
Frame #1 events=0 detail=normal
div (0,0 300x100)
  div (0,35 60x30)
    #text (0,35 60x19) text="A"
  div (60,25 60x50)
    #text (60,25 60x19) text="B"

---

=== Test: [Template] block auto width fill ===
Frame #1 events=0 detail=normal
div (0,0 500x100)
  div (0,0 500x50)
    #text (0,0 500x19) text="Auto width fills"

---

=== Test: [Template] margin collapsing top-bottom ===
Frame #1 events=0 detail=normal
div (0,0 200x55)
  div (0,0 200x20)
    #text (0,0 200x19) text="A"
  div (0,35 200x20)
    #text (0,15 200x19) text="B"

---

=== Test: [Template] three items vertical stack ===
Frame #1 events=0 detail=normal
div (0,0 300x90)
  div (0,0 300x20)
    #text (0,0 300x19) text="A"
  div (0,20 300x30)
    #text (0,0 300x19) text="B"
  div (0,50 300x40)
    #text (0,0 300x19) text="C"

---

=== Test: [Template] flex justify flex-end ===
Frame #1 events=0 detail=normal
div (0,0 400x40)
  div (300,0 100x40)
    #text (300,0 100x19) text="End"

---

=== Test: [Template] flex space-between ===
Frame #1 events=0 detail=normal
div (0,0 400x40)
  div (0,0 80x40)
    #text (0,0 80x19) text="A"
  div (160,0 80x40)
    #text (160,0 80x19) text="B"
  div (320,0 80x40)
    #text (320,0 80x19) text="C"

---

=== Test: [Template] flex space-around ===
Frame #1 events=0 detail=normal
div (0,0 400x40)
  div (60,0 80x40)
    #text (60,0 80x19) text="A"
  div (260,0 80x40)
    #text (260,0 80x19) text="B"

---

=== Test: [Template] flex stretch default ===
Frame #1 events=0 detail=normal
div (0,0 300x100)
  div (0,0 300x100)
    #text (0,0 300x19) text="Stretch"

---

=== Test: [Template] absolute nested in relative ===
Frame #1 events=0 detail=normal
div (0,0 400x300)
  div (50,50 200x150)
    #text (0,0 200x19) text="Abs"
  div (100,100 100x80)
    #text (0,0 100x19) text="Abs2"

---

=== Test: [Template] visibility hidden preserves space ===
Frame #1 events=0 detail=normal
div (0,0 300x120)
  div (0,0 300x40)
    #text (0,0 300x19) text="Visible"
  div (0,40 300x40)
    #text (0,0 300x19) text="Hidden"
  div (0,80 300x40)
    #text (0,0 300x19) text="After"

---

=== Test: [Template] min-height overrides auto ===
Frame #1 events=0 detail=normal
div (0,0 300x80)
  #text (0,0 300x19) text="Min 80"

---

=== Test: [Template] visibility:visible 子项覆盖父 hidden ===
Frame #1 events=0 detail=normal
div (0,0 300x60)
  div (0,0 300x60)
    div (0,0 300x30)
      #text (0,0 300x19) text="Hidden parent"
    div (0,30 300x30)
      #text (0,0 300x19) text="Visible child"

---

=== Test: [Template] margin 负值重叠 上负下负 ===
Frame #1 events=0 detail=normal
div (0,0 300x90)
  div (0,0 300x50)
    #text (0,0 300x19) text="Bottom -10"
  div (0,40 300x50)
    #text (0,-10 300x19) text="Top -10"

---

=== Test: [Template] width:10000px 极大宽度 裁边 ===
Frame #1 events=0 detail=normal
div (0,0 10000x30)
  #text (0,0 10000x19) text="Very wide element"

---

=== Test: [Template] 空子元素容器 ===
Frame #1 events=0 detail=normal
div (0,0 200x40)

---

=== Test: [Template] opacity:0 子项在 flex row 中 ===
Frame #1 events=0 detail=normal
div (0,0 300x50)
  div (0,0 60x50)
    #text (0,0 60x19) text="A"
  div (60,0 60x50)
    #text (60,0 60x19) text="Invisible"
  div (120,0 60x50)
    #text (120,0 60x19) text="C"

---

=== Test: [Template] 深度嵌套 10 层 div ===
Frame #1 events=0 detail=normal
div (0,0 200x100)
  div (0,0 200x10)
    div (0,0 200x10)
      div (0,0 200x10)
        div (0,0 200x10)
          div (0,0 200x10)
            div (0,0 200x10)
              div (0,0 200x10)
                div (0,0 200x10)
                  div (0,0 200x10)
                    div (0,0 10x10)
                      #text (0,0 10x19) text="Deep"
