@generated 2026-07-01 05:55:00
=== Test: [Template] absolute positioned div ===
Frame #1 events=0 detail=normal
div (0,0 100x50)
  #text (0,0 0x0) text="Box"

---

=== Test: [Template] nested div parent-child ===
Frame #1 events=0 detail=normal
div (0,0 300x200)
  div (0,0 100x80)
    #text (0,0 0x0) text="Child"

---

=== Test: [Template] percentage width 50% ===
Frame #1 events=0 detail=normal
div (0,0 400x100)
  div (0,0 200x50)
    #text (0,0 0x0) text="50% width"

---

=== Test: [Template] padding shrinks content ===
Frame #1 events=0 detail=normal
div (0,0 200x100)
  div (10,10 200x50)
    #text (10,10 0x0) text="Padding test"

---

=== Test: [Template] margin-top block spacing ===
Frame #1 events=0 detail=normal
div (0,0 200x70)
  div (0,0 200x30)
    #text (0,0 0x0) text="Item 1"
  div (0,40 200x30)
    #text (0,0 0x0) text="Item 2"

---

=== Test: [Template] border adds outer size ===
Frame #1 events=0 detail=normal
div (0,0 100x50) bw=2
  #text (0,2 0x0) text="Border"

---

=== Test: [Template] min-width constraint ===
Frame #1 events=0 detail=normal
div (0,0 150x30)
  #text (0,0 0x0) text="Min 150"

---

=== Test: [Template] max-width constraint ===
Frame #1 events=0 detail=normal
div (0,0 100x30)
  #text (0,0 0x0) text="Max 100"

---

=== Test: [Template] flex column vertical ===
Frame #1 events=0 detail=normal
div (0,0 200x300)
  div (0,0 200x50)
    #text (0,0 0x0) text="A"
  div (0,50 200x50)
    #text (0,50 0x0) text="B"
  div (0,100 200x50)
    #text (0,100 0x0) text="C"

---

=== Test: [Template] flex gap 16px ===
Frame #1 events=0 detail=normal
div (0,0 400x50)
  div (0,0 80x30)
    #text (0,0 0x0) text="A"
  div (96,0 80x30)
    #text (96,0 0x0) text="B"

---

=== Test: [Template] flex justify-content center ===
Frame #1 events=0 detail=normal
div (0,0 400x50)
  div (160,0 80x30)
    #text (160,0 0x0) text="Center"

---

=== Test: [Template] flex-wrap overflow ===
Frame #1 events=0 detail=normal
div (0,0 200x100)
  div (0,0 100x40)
    #text (0,0 0x0) text="A"
  div (0,44 100x40)
    #text (0,44 0x0) text="B"
  div (0,88 100x40)
    #text (0,88 0x0) text="C"

---

=== Test: [Template] align-items center ===
Frame #1 events=0 detail=normal
div (0,0 300x100)
  div (0,35 60x30)
    #text (0,35 0x0) text="A"
  div (60,25 60x50)
    #text (60,25 0x0) text="B"

---

=== Test: [Template] grid repeat 3 ===
Frame #1 events=0 detail=normal
div (0,0 600x80)
  div (0,0 194x60)
    #text (0,0 0x0) text="A"
  div (202,0 194x60)
    #text (202,0 0x0) text="B"
  div (404,0 194x60)
    #text (404,0 0x0) text="C"

---

=== Test: [Template] overflow hidden clip ===
Frame #1 events=0 detail=normal
div (0,0 100x60) ov=hidden
  div (0,0 300x100)
    #text (0,0 0x0) text="Overflow content"

---

=== Test: [Template] overflow-x scroll ===
Frame #1 events=0 detail=normal
div (0,0 300x80) scroll ch=60 cw=300 maxScroll=0 st=0 sl=0
  div (0,0 100x60)
    #text (0,0 0x0) text="Item 1"
  div (100,0 100x60)
    #text (100,0 0x0) text="Item 2"
  div (200,0 100x60)
    #text (200,0 0x0) text="Item 3"

---

=== Test: [Template] border-radius rounded ===
Frame #1 events=0 detail=normal
div (0,0 100x50)
  #text (0,0 0x0) text="Rounded"

---

=== Test: [Template] border-radius 50% circle ===
Frame #1 events=0 detail=normal
div (0,0 100x100)
  #text (0,0 0x0) text="Circle"

---

=== Test: [Template] box-shadow ===
Frame #1 events=0 detail=normal
div (0,0 100x50)
  #text (0,0 0x0) text="Shadow"

---

=== Test: [Template] opacity semi ===
Frame #1 events=0 detail=normal
div (0,0 100x50)
  #text (0,0 0x0) text="Semi"

---

=== Test: [Template] background color ===
Frame #1 events=0 detail=normal
div (0,0 100x50)
  #text (0,0 0x0) text="Orange"

---

=== Test: [Template] color red ===
Frame #1 events=0 detail=normal
div (0,0 200x30)
  #text (0,0 0x0) text="Red text"

---

=== Test: [Template] font-size large ===
Frame #1 events=0 detail=normal
div (0,0 200x50)
  #text (0,0 0x0) text="Big text"

---

=== Test: [Template] font-weight bold ===
Frame #1 events=0 detail=normal
div (0,0 200x30)
  #text (0,0 0x0) text="Bold text"

---

=== Test: [Template] text-align center ===
Frame #1 events=0 detail=normal
div (0,0 300x30)
  #text (0,0 0x0) text="Centered"

---

=== Test: [Template] white-space nowrap ===
Frame #1 events=0 detail=normal
div (0,0 80x30)
  #text (0,0 0x0) text="Long text no wrap"

---

=== Test: [Template] margin 0 auto block center ===
Frame #1 events=0 detail=normal
div (0,0 600x50)
  div (216,16 200x50)
    #text (16,16 0x0) text="Centered"

---

=== Test: [Template] margin-left auto flex push ===
Frame #1 events=0 detail=normal
div (0,0 400x50)
  div (0,0 80x30)
    #text (0,0 0x0) text="Left"
  div (300,0 100x30)
    #text (300,0 0x0) text="Right"

---

=== Test: [Template] negative margin shift ===
Frame #1 events=0 detail=normal
div (0,0 200x60)
  div (0,0 100x30)
    #text (0,0 0x0) text="Item 1"
  div (-20,30 100x30)
    #text (0,0 0x0) text="Item 2"

---

=== Test: [Template] block auto width fill ===
Frame #1 events=0 detail=normal
div (0,0 500x100)
  div (0,0 500x50)
    #text (0,0 0x0) text="Auto width fills"

---

=== Test: [Template] margin collapsing top-bottom ===
Frame #1 events=0 detail=normal
div (0,0 200x55)
  div (0,0 200x20)
    #text (0,0 0x0) text="A"
  div (0,35 200x20)
    #text (0,0 0x0) text="B"

---

=== Test: [Template] three items vertical stack ===
Frame #1 events=0 detail=normal
div (0,0 300x90)
  div (0,0 300x20)
    #text (0,0 0x0) text="A"
  div (0,20 300x30)
    #text (0,0 0x0) text="B"
  div (0,50 300x40)
    #text (0,0 0x0) text="C"

---

=== Test: [Template] percentage height 50 ===
Frame #1 events=0 detail=normal
div (0,0 400x200)
  div (0,0 100x100)
    #text (0,0 0x0) text="50% h"

---

=== Test: [Template] flex order reorder ===
Frame #1 events=0 detail=normal
div (0,0 400x40)
  div (200,0 100x40)
    #text (200,0 0x0) text="A"
  div (0,0 200x40)
    #text (0,0 0x0) text="B"
  div (300,0 100x40)
    #text (300,0 0x0) text="C"

---

=== Test: [Template] flex justify flex-end ===
Frame #1 events=0 detail=normal
div (0,0 400x40)
  div (300,0 100x40)
    #text (300,0 0x0) text="End"

---

=== Test: [Template] flex space-between ===
Frame #1 events=0 detail=normal
div (0,0 400x40)
  div (0,0 80x40)
    #text (0,0 0x0) text="A"
  div (160,0 80x40)
    #text (160,0 0x0) text="B"
  div (320,0 80x40)
    #text (320,0 0x0) text="C"

---

=== Test: [Template] flex space-around ===
Frame #1 events=0 detail=normal
div (0,0 400x40)
  div (60,0 80x40)
    #text (60,0 0x0) text="A"
  div (260,0 80x40)
    #text (260,0 0x0) text="B"

---

=== Test: [Template] align-self override ===
Frame #1 events=0 detail=normal
div (0,0 300x100)
  div (0,35 60x30)
    #text (0,35 0x0) text="Center"
  div (60,0 60x30)
    #text (60,0 0x0) text="Top"

---

=== Test: [Template] flex stretch default ===
Frame #1 events=0 detail=normal
div (0,0 300x100)
  div (0,0 300x100)
    #text (0,0 0x0) text="Stretch"

---

=== Test: [Template] flex direction row-reverse ===
Frame #1 events=0 detail=normal
div (0,0 300x40)
  div (80,0 80x40)
    #text (80,0 0x0) text="A"
  div (0,0 80x40)
    #text (0,0 0x0) text="B"

---

=== Test: [Template] grid auto flow dense ===
Frame #1 events=0 detail=normal
div (0,0 600x140)
  div (0,0 396x60)
    #text (0,0 0x0) text="Wide"
  div (404,0 194x60)
    #text (404,0 0x0) text="A"
  div (0,68 194x60)
    #text (0,68 0x0) text="B"

---

=== Test: [Template] grid template areas ===
Frame #1 events=0 detail=normal
div (0,0 600x300)
  div (0,0 600x60)
    #text (0,0 0x0) text="Header"
  div (0,64 200x60)
    #text (0,64 0x0) text="Sidebar"
  div (204,64 396x60)
    #text (204,64 0x0) text="Main"
  div (0,128 600x60)
    #text (0,128 0x0) text="Footer"

---

=== Test: [Template] overflow clip no scroll ===
Frame #1 events=0 detail=normal
div (0,0 100x60) ov=clip
  div (0,0 400x200)
    #text (0,0 0x0) text="Clipped away"

---

=== Test: [Template] overflow-x hidden overflow-y scroll ===
Frame #1 events=0 detail=normal
div (0,0 300x100) scroll ch=102 cw=300 maxScroll=2 st=0 sl=0
  div (0,0 300x34)
    #text (0,0 0x0) text="Item 1"
  div (0,34 300x34)
    #text (0,34 0x0) text="Item 2"
  div (0,68 300x34)
    #text (0,68 0x0) text="Item 3"

---

=== Test: [Template] nested overflow containers ===
Frame #1 events=0 detail=normal
div (0,0 300x200) ov=hidden
  div (0,0 400x0) scroll ch=300 cw=400 maxScroll=300 st=0 sl=0
    div (0,0 400x300)
      #text (0,0 0x0) text="Inner tall content"

---

=== Test: [Template] opacity 0 hides visual ===
Frame #1 events=0 detail=normal
div (0,0 100x50)
  #text (0,0 0x0) text="Invisible"

---

=== Test: [Template] line-height spacing ===
Frame #1 events=0 detail=normal
div (0,0 200x60)
  #text (0,0 0x0) text="Multi-line text content"

---

=== Test: [Template] text-decoration underline ===
Frame #1 events=0 detail=normal
div (0,0 200x30)
  #text (0,0 0x0) text="Underlined text"

---

=== Test: [Template] font-family serif ===
Frame #1 events=0 detail=normal
div (0,0 300x40)
  #text (0,0 0x0) text="Serif text"

---

=== Test: [Template] visibility hidden preserves space ===
Frame #1 events=0 detail=normal
div (0,0 300x120)
  div (0,0 300x40)
    #text (0,0 0x0) text="Visible"
  div (0,40 300x40)
    #text (0,0 0x0) text="Hidden"
  div (0,80 300x40)
    #text (0,0 0x0) text="After"

---

=== Test: [Template] min-width in flex ===
Frame #1 events=0 detail=normal
div (0,0 300x50)
  div (0,0 100x30)
    #text (0,0 0x0) text="Min"
  div (100,0 200x30)
    #text (100,0 0x0) text="Fill"

---

=== Test: [Template] max-width in flex ===
Frame #1 events=0 detail=normal
div (0,0 500x50)
  div (0,0 200x30)
    #text (0,0 0x0) text="Max"
  div (200,0 300x30)
    #text (200,0 0x0) text="Fill"

---

=== Test: [Template] border + border-radius 圆角边框 ===
Frame #1 events=0 detail=normal
div (0,0 150x80) bw=2
  #text (0,2 0x0) text="Round border"

---

=== Test: [Template] border:0 无边框 ===
Frame #1 events=0 detail=normal
div (0,0 100x50)
  #text (0,0 0x0) text="No border"

---

=== Test: [Template] border-width 独立设置 6px ===
Frame #1 events=0 detail=normal
div (0,0 100x50) bw=6
  #text (0,6 0x0) text="Border width"

---

=== Test: [Template] transform translateX(30px) 水平偏移 ===
Frame #1 events=0 detail=normal
div (0,0 100x50)
  #text (0,0 0x0) text="Translate X"

---

=== Test: [Template] transform translateY(20px) 垂直偏移 ===
Frame #1 events=0 detail=normal
div (0,0 100x50)
  #text (0,0 0x0) text="Translate Y"

---

=== Test: [Template] object-fit cover 覆盖填充 ===
Frame #1 events=0 detail=normal
div (0,0 200x100)
  #text (0,0 0x0) text="Cover"

---

=== Test: [Template] object-fit contain 适应 ===
Frame #1 events=0 detail=normal
div (0,0 200x100)
  #text (0,0 0x0) text="Contain"

---

=== Test: [Template] cursor pointer 指针样式 ===
Frame #1 events=0 detail=normal
div (0,0 100x50)
  #text (0,0 0x0) text="Clickable"

---

=== Test: [Template] transform rotate(45deg) 旋转 ===
Frame #1 events=0 detail=normal
div (0,0 100x50)
  #text (0,0 0x0) text="Rotated"

---

=== Test: [Template] visibility:visible 子项覆盖父 hidden ===
Frame #1 events=0 detail=normal
div (0,0 300x60)
  div (0,0 300x60)
    div (0,0 0x30)
      #text (0,0 0x0) text="Hidden parent"
    div (0,30 0x30)
      #text (0,0 0x0) text="Visible child"

---

=== Test: [Template] width:0 height:0 零尺寸元素 ===
Frame #1 events=0 detail=normal
div (0,0 0x19) ov=hidden
  #text (0,0 0x0) text="Zero"

---

=== Test: [Template] margin 负值重叠 上负下负 ===
Frame #1 events=0 detail=normal
div (0,0 300x90)
  div (0,0 300x50)
    #text (0,0 0x0) text="Bottom -10"
  div (0,40 300x50)
    #text (0,0 0x0) text="Top -10"

---

=== Test: [Template] width:10000px 极大宽度 裁边 ===
Frame #1 events=0 detail=normal
div (0,0 10000x30)
  #text (0,0 0x0) text="Very wide element"

---

=== Test: [Template] overflow:hidden 零尺寸容器 ===
Frame #1 events=0 detail=normal
div (0,0 0x100) ov=hidden
  div (0,0 200x100)
    #text (0,0 0x0) text="Hidden content"

---

=== Test: [Template] 单一子项 margin auto 居中 ===
Frame #1 events=0 detail=normal
div (0,0 400x100)
  div (150,0 100x50)
    #text (0,0 0x0) text="Only child"

---

=== Test: [Template] border 在零尺寸元素上 ===
Frame #1 events=0 detail=normal
div (0,0 0x0) bw=2 ov=hidden

---

=== Test: [Template] padding 在零尺寸元素上 ===
Frame #1 events=0 detail=normal
div (0,0 0x38) ov=hidden
  #text (10,29 0x0) text="Pad"

---

=== Test: [Template] opacity:0 子项在 flex row 中 ===
Frame #1 events=0 detail=normal
div (0,0 300x50)
  div (0,0 60x30)
    #text (0,0 0x0) text="A"
  div (60,0 60x30)
    #text (60,0 0x0) text="Invisible"
  div (120,0 60x30)
    #text (120,0 0x0) text="C"

---

=== Test: [Template] 深度嵌套 10 层 div ===
Frame #1 events=0 detail=normal
div (0,0 200x100)
  div (0,0 200x10)
    div (0,0 0x10)
      div (0,0 0x10)
        div (0,0 0x10)
          div (0,0 0x10)
            div (0,0 0x10)
              div (0,0 0x10)
                div (0,0 0x10)
                  div (0,0 0x10)
                    div (0,0 10x10)
                      #text (0,0 0x0) text="Deep"

---

=== Test: [Template] Dashboard 侧边栏+头部+主内容 ===
Frame #1 events=0 detail=normal
div (0,0 900x600)
  div (0,0 200x60)
    #text (0,0 0x0) text="Sidebar"
  div (200,0 700x60)
    #text (200,0 0x0) text="Header"
  div (200,60 113x60)
    div (216,76 0x38)
      #text (232,111 0x0) text="Main Content"
    div (264,76 0x38)
      #text (280,111 0x0) text="Side Panel"

---

=== Test: [Template] 分割面板 left+right ===
Frame #1 events=0 detail=normal
div (0,0 800x400) bw=1
  div (0,0 265x400) scroll ch=16 cw=768 maxScroll=0 st=0 sl=0
    #text (16,16 0x0) text="Left Panel"
  div (297,0 4x400)
  div (301,0 531x400) scroll ch=16 cw=768 maxScroll=0 st=0 sl=0
    #text (317,16 0x0) text="Right Panel"
